2026-09-07 14:07:36.346: [INFO] CurrentProfilePath: D:\Autonomous Software Testing Agent\.metadata\.plugins\org.eclipse.swt\EBWebView\Default
2026-09-07 14:07:36.346: [INFO] Profiles total count: 1
2026-09-07 14:07:36.346: [INFO] Profile: name=Profile 1 path=D:\Autonomous Software Testing Agent\.metadata\.plugins\org.eclipse.swt\EBWebView\Default lastActive=null
2026-09-07 14:07:36.346: [INFO] LastUsedProfileDir: D:\Autonomous Software Testing Agent\.metadata\.plugins\org.eclipse.swt\EBWebView\Default
2026-09-07 14:07:36.346: [INFO] OnDoneLoading sync enabled: 0
2026-09-07 14:07:36.346: [INFO] BookmarkModelLoaded, ids_reassigned: 0
2026-09-07 14:07:36.346: [INFO] BookmarksLoadDropped droppedNodes=0
2026-09-07 14:07:36.346: [INFO] BookmarksSnapshot Startup total=0 bar=0 other=0 mobile=0 showBar=0 showBarNTP=1
2026-09-07 14:45:36.041: [INFO] BookmarksSnapshot Shutdown total=0 bar=0 other=0 mobile=0 showBar=0 showBarNTP=1
2026-09-10 05:04:36.713: [INFO] CurrentProfilePath: D:\Autonomous Software Testing Agent\.metadata\.plugins\org.eclipse.swt\EBWebView\Default
2026-09-10 05:04:36.713: [INFO] Profiles total count: 1
2026-09-10 05:04:36.713: [INFO] Profile: name=Profile 1 path=D:\Autonomous Software Testing Agent\.metadata\.plugins\org.eclipse.swt\EBWebView\Default lastActive=2026-09-07T14:07:55.382Z
2026-09-10 05:04:36.713: [INFO] LastUsedProfileDir: D:\Autonomous Software Testing Agent\.metadata\.plugins\org.eclipse.swt\EBWebView\Default
2026-09-10 05:04:36.713: [INFO] MostRecentlyActiveProfile: name=Profile 1 path=D:\Autonomous Software Testing Agent\.metadata\.plugins\org.eclipse.swt\EBWebView\Default lastActive=2026-09-07T14:07:55.382Z
2026-09-10 05:04:36.713: [INFO] OnDoneLoading sync enabled: 0
2026-09-10 05:04:36.713: [INFO] BookmarkModelLoaded, ids_reassigned: 0
2026-09-10 05:04:36.713: [INFO] BookmarksLoadDropped droppedNodes=0
2026-09-10 05:04:36.713: [INFO] BookmarksSnapshot Startup total=0 bar=0 other=0 mobile=0 showBar=0 showBarNTP=1
2026-09-10 05:51:33.900: [INFO] BookmarksSnapshot Shutdown total=0 bar=0 other=0 mobile=0 showBar=0 showBarNTP=1
2026-09-10 05:52:03.754: [INFO] CurrentProfilePath: D:\Autonomous Software Testing Agent\.metadata\.plugins\org.eclipse.swt\EBWebView\Default
2026-09-10 05:52:03.754: [INFO] Profiles total count: 1
2026-09-10 05:52:03.754: [INFO] Profile: name=Profile 1 path=D:\Autonomous Software Testing Agent\.metadata\.plugins\org.eclipse.swt\EBWebView\Default lastActive=2026-09-07T14:07:55.382Z
2026-09-10 05:52:03.754: [INFO] LastUsedProfileDir: D:\Autonomous Software Testing Agent\.metadata\.plugins\org.eclipse.swt\EBWebView\Default
2026-09-10 05:52:03.754: [INFO] MostRecentlyActiveProfile: name=Profile 1 path=D:\Autonomous Software Testing Agent\.metadata\.plugins\org.eclipse.swt\EBWebView\Default lastActive=2026-09-07T14:07:55.382Z
2026-09-10 05:52:03.754: [INFO] OnDoneLoading sync enabled: 0
2026-09-10 05:52:03.754: [INFO] BookmarkModelLoaded, ids_reassigned: 0
2026-09-10 05:52:03.754: [INFO] BookmarksLoadDropped droppedNodes=0
2026-09-10 05:52:03.754: [INFO] BookmarksSnapshot Startup total=0 bar=0 other=0 mobile=0 showBar=0 showBarNTP=1
2026-09-10 06:13:32.593: [INFO] BookmarksSnapshot Shutdown total=0 bar=0 other=0 mobile=0 showBar=0 showBarNTP=1
2026-09-10 06:14:10.689: [INFO] CurrentProfilePath: D:\Autonomous Software Testing Agent\.metadata\.plugins\org.eclipse.swt\EBWebView\Default
2026-09-10 06:14:10.689: [INFO] Profiles total count: 1
2026-09-10 06:14:10.689: [INFO] Profile: name=Profile 1 path=D:\Autonomous Software Testing Agent\.metadata\.plugins\org.eclipse.swt\EBWebView\Default lastActive=2026-09-07T14:07:55.382Z
2026-09-10 06:14:10.689: [INFO] LastUsedProfileDir: D:\Autonomous Software Testing Agent\.metadata\.plugins\org.eclipse.swt\EBWebView\Default
2026-09-10 06:14:10.689: [INFO] MostRecentlyActiveProfile: name=Profile 1 path=D:\Autonomous Software Testing Agent\.metadata\.plugins\org.eclipse.swt\EBWebView\Default lastActive=2026-09-07T14:07:55.382Z
2026-09-10 06:14:10.689: [INFO] OnDoneLoading sync enabled: 0
2026-09-10 06:14:10.689: [INFO] BookmarkModelLoaded, ids_reassigned: 0
2026-09-10 06:14:10.689: [INFO] BookmarksLoadDropped droppedNodes=0
2026-09-10 06:14:10.689: [INFO] BookmarksSnapshot Startup total=0 bar=0 other=0 mobile=0 showBar=0 showBarNTP=1
2026-09-10 06:20:59.585: [INFO] BookmarksSnapshot Shutdown total=0 bar=0 other=0 mobile=0 showBar=0 showBarNTP=1
2026-09-10 07:04:40.501: [INFO] CurrentProfilePath: D:\Autonomous Software Testing Agent\.metadata\.plugins\org.eclipse.swt\EBWebView\Default
2026-09-10 07:04:40.501: [INFO] Profiles total count: 1
2026-09-10 07:04:40.502: [INFO] Profile: name=Profile 1 path=D:\Autonomous Software Testing Agent\.metadata\.plugins\org.eclipse.swt\EBWebView\Default lastActive=2026-09-10T06:14:50.524Z
2026-09-10 07:04:40.502: [INFO] LastUsedProfileDir: D:\Autonomous Software Testing Agent\.metadata\.plugins\org.eclipse.swt\EBWebView\Default
2026-09-10 07:04:40.502: [INFO] MostRecentlyActiveProfile: name=Profile 1 path=D:\Autonomous Software Testing Agent\.metadata\.plugins\org.eclipse.swt\EBWebView\Default lastActive=2026-09-10T06:14:50.524Z
2026-09-10 07:04:40.502: [INFO] OnDoneLoading sync enabled: 0
2026-09-10 07:04:40.502: [INFO] BookmarkModelLoaded, ids_reassigned: 0
2026-09-10 07:04:40.502: [INFO] BookmarksLoadDropped droppedNodes=0
2026-09-10 07:04:40.502: [INFO] BookmarksSnapshot Startup total=0 bar=0 other=0 mobile=0 showBar=0 showBarNTP=1
2026-09-10 07:09:54.939: [INFO] BookmarksSnapshot Shutdown total=0 bar=0 other=0 mobile=0 showBar=0 showBarNTP=1
2026-09-10 07:10:36.721: [INFO] CurrentProfilePath: D:\Autonomous Software Testing Agent\.metadata\.plugins\org.eclipse.swt\EBWebView\Default
2026-09-10 07:10:36.721: [INFO] Profiles total count: 1
2026-09-10 07:10:36.721: [INFO] Profile: name=Profile 1 path=D:\Autonomous Software Testing Agent\.metadata\.plugins\org.eclipse.swt\EBWebView\Default lastActive=2026-09-10T06:14:50.524Z
2026-09-10 07:10:36.721: [INFO] LastUsedProfileDir: D:\Autonomous Software Testing Agent\.metadata\.plugins\org.eclipse.swt\EBWebView\Default
2026-09-10 07:10:36.721: [INFO] MostRecentlyActiveProfile: name=Profile 1 path=D:\Autonomous Software Testing Agent\.metadata\.plugins\org.eclipse.swt\EBWebView\Default lastActive=2026-09-10T06:14:50.524Z
2026-09-10 07:10:36.721: [INFO] OnDoneLoading sync enabled: 0
2026-09-10 07:10:36.721: [INFO] BookmarkModelLoaded, ids_reassigned: 0
2026-09-10 07:10:36.721: [INFO] BookmarksLoadDropped droppedNodes=0
2026-09-10 07:10:36.721: [INFO] BookmarksSnapshot Startup total=0 bar=0 other=0 mobile=0 showBar=0 showBarNTP=1
2026-09-10 14:54:17.518: [INFO] BookmarksSnapshot Shutdown total=0 bar=0 other=0 mobile=0 showBar=0 showBarNTP=1
2026-09-11 14:39:43.306: [INFO] CurrentProfilePath: D:\Autonomous Software Testing Agent\.metadata\.plugins\org.eclipse.swt\EBWebView\Default
2026-09-11 14:39:43.306: [INFO] Profiles total count: 1
2026-09-11 14:39:43.306: [INFO] Profile: name=Profile 1 path=D:\Autonomous Software Testing Agent\.metadata\.plugins\org.eclipse.swt\EBWebView\Default lastActive=2026-09-10T06:14:50.524Z
2026-09-11 14:39:43.306: [INFO] LastUsedProfileDir: D:\Autonomous Software Testing Agent\.metadata\.plugins\org.eclipse.swt\EBWebView\Default
2026-09-11 14:39:43.306: [INFO] MostRecentlyActiveProfile: name=Profile 1 path=D:\Autonomous Software Testing Agent\.metadata\.plugins\org.eclipse.swt\EBWebView\Default lastActive=2026-09-10T06:14:50.524Z
2026-09-11 14:39:43.306: [INFO] OnDoneLoading sync enabled: 0
2026-09-11 14:39:43.306: [INFO] BookmarkModelLoaded, ids_reassigned: 0
2026-09-11 14:39:43.306: [INFO] BookmarksLoadDropped droppedNodes=0
2026-09-11 14:39:43.306: [INFO] BookmarksSnapshot Startup total=0 bar=0 other=0 mobile=0 showBar=0 showBarNTP=1
2026-09-11 15:30:30.696: [INFO] BookmarksSnapshot Shutdown total=0 bar=0 other=0 mobile=0 showBar=0 showBarNTP=1
2026-09-11 15:31:06.298: [INFO] CurrentProfilePath: D:\Autonomous Software Testing Agent\.metadata\.plugins\org.eclipse.swt\EBWebView\Default
2026-09-11 15:31:06.298: [INFO] Profiles total count: 1
2026-09-11 15:31:06.298: [INFO] Profile: name=Profile 1 path=D:\Autonomous Software Testing Agent\.metadata\.plugins\org.eclipse.swt\EBWebView\Default lastActive=2026-09-10T06:14:50.524Z
2026-09-11 15:31:06.298: [INFO] LastUsedProfileDir: D:\Autonomous Software Testing Agent\.metadata\.plugins\org.eclipse.swt\EBWebView\Default
2026-09-11 15:31:06.298: [INFO] MostRecentlyActiveProfile: name=Profile 1 path=D:\Autonomous Software Testing Agent\.metadata\.plugins\org.eclipse.swt\EBWebView\Default lastActive=2026-09-10T06:14:50.524Z
2026-09-11 15:31:06.298: [INFO] OnDoneLoading sync enabled: 0
2026-09-11 15:31:06.298: [INFO] BookmarkModelLoaded, ids_reassigned: 0
2026-09-11 15:31:06.298: [INFO] BookmarksLoadDropped droppedNodes=0
2026-09-11 15:31:06.298: [INFO] BookmarksSnapshot Startup total=0 bar=0 other=0 mobile=0 showBar=0 showBarNTP=1
2026-09-11 16:19:32.383: [INFO] BookmarksSnapshot Shutdown total=0 bar=0 other=0 mobile=0 showBar=0 showBarNTP=1
2026-09-12 17:51:01.426: [INFO] CurrentProfilePath: D:\Autonomous Software Testing Agent\.metadata\.plugins\org.eclipse.swt\EBWebView\Default
2026-09-12 17:51:01.426: [INFO] Profiles total count: 1
2026-09-12 17:51:01.426: [INFO] Profile: name=Profile 1 path=D:\Autonomous Software Testing Agent\.metadata\.plugins\org.eclipse.swt\EBWebView\Default lastActive=2026-09-10T06:14:50.524Z
2026-09-12 17:51:01.426: [INFO] LastUsedProfileDir: D:\Autonomous Software Testing Agent\.metadata\.plugins\org.eclipse.swt\EBWebView\Default
2026-09-12 17:51:01.426: [INFO] MostRecentlyActiveProfile: name=Profile 1 path=D:\Autonomous Software Testing Agent\.metadata\.plugins\org.eclipse.swt\EBWebView\Default lastActive=2026-09-10T06:14:50.524Z
2026-09-12 17:51:01.426: [INFO] OnDoneLoading sync enabled: 0
2026-09-12 17:51:01.426: [INFO] BookmarkModelLoaded, ids_reassigned: 0
2026-09-12 17:51:01.426: [INFO] BookmarksLoadDropped droppedNodes=0
2026-09-12 17:51:01.426: [INFO] BookmarksSnapshot Startup total=0 bar=0 other=0 mobile=0 showBar=0 showBarNTP=1
2026-09-12 17:51:16.468: [INFO] BookmarksSnapshot Shutdown total=0 bar=0 other=0 mobile=0 showBar=0 showBarNTP=1
2026-09-12 18:30:40.210: [INFO] CurrentProfilePath: D:\Autonomous Software Testing Agent\.metadata\.plugins\org.eclipse.swt\EBWebView\Default
2026-09-12 18:30:40.210: [INFO] Profiles total count: 1
2026-09-12 18:30:40.210: [INFO] Profile: name=Profile 1 path=D:\Autonomous Software Testing Agent\.metadata\.plugins\org.eclipse.swt\EBWebView\Default lastActive=2026-09-10T06:14:50.524Z
2026-09-12 18:30:40.210: [INFO] LastUsedProfileDir: D:\Autonomous Software Testing Agent\.metadata\.plugins\org.eclipse.swt\EBWebView\Default
2026-09-12 18:30:40.210: [INFO] MostRecentlyActiveProfile: name=Profile 1 path=D:\Autonomous Software Testing Agent\.metadata\.plugins\org.eclipse.swt\EBWebView\Default lastActive=2026-09-10T06:14:50.524Z
2026-09-12 18:30:40.210: [INFO] OnDoneLoading sync enabled: 0
2026-09-12 18:30:40.210: [INFO] BookmarkModelLoaded, ids_reassigned: 0
2026-09-12 18:30:40.210: [INFO] BookmarksLoadDropped droppedNodes=0
2026-09-12 18:30:40.210: [INFO] BookmarksSnapshot Startup total=0 bar=0 other=0 mobile=0 showBar=0 showBarNTP=1
2026-09-12 22:26:02.685: [INFO] BookmarksSnapshot Shutdown total=0 bar=0 other=0 mobile=0 showBar=0 showBarNTP=1
2026-09-13 15:04:48.865: [INFO] CurrentProfilePath: D:\Autonomous Software Testing Agent\.metadata\.plugins\org.eclipse.swt\EBWebView\Default
2026-09-13 15:04:48.865: [INFO] Profiles total count: 1
2026-09-13 15:04:48.865: [INFO] Profile: name=Profile 1 path=D:\Autonomous Software Testing Agent\.metadata\.plugins\org.eclipse.swt\EBWebView\Default lastActive=2026-09-10T06:14:50.524Z
2026-09-13 15:04:48.865: [INFO] LastUsedProfileDir: D:\Autonomous Software Testing Agent\.metadata\.plugins\org.eclipse.swt\EBWebView\Default
2026-09-13 15:04:48.865: [INFO] MostRecentlyActiveProfile: name=Profile 1 path=D:\Autonomous Software Testing Agent\.metadata\.plugins\org.eclipse.swt\EBWebView\Default lastActive=2026-09-10T06:14:50.524Z
2026-09-13 15:04:48.865: [INFO] OnDoneLoading sync enabled: 0
2026-09-13 15:04:48.865: [INFO] BookmarkModelLoaded, ids_reassigned: 0
2026-09-13 15:04:48.865: [INFO] BookmarksLoadDropped droppedNodes=0
2026-09-13 15:04:48.865: [INFO] BookmarksSnapshot Startup total=0 bar=0 other=0 mobile=0 showBar=0 showBarNTP=1
2026-09-13 15:04:52.964: [INFO] BookmarksSnapshot Shutdown total=0 bar=0 other=0 mobile=0 showBar=0 showBarNTP=1
2026-09-13 15:52:05.545: [INFO] CurrentProfilePath: D:\Autonomous Software Testing Agent\.metadata\.plugins\org.eclipse.swt\EBWebView\Default
2026-09-13 15:52:05.545: [INFO] Profiles total count: 1
2026-09-13 15:52:05.545: [INFO] Profile: name=Profile 1 path=D:\Autonomous Software Testing Agent\.metadata\.plugins\org.eclipse.swt\EBWebView\Default lastActive=2026-09-10T06:14:50.524Z
2026-09-13 15:52:05.545: [INFO] LastUsedProfileDir: D:\Autonomous Software Testing Agent\.metadata\.plugins\org.eclipse.swt\EBWebView\Default
2026-09-13 15:52:05.545: [INFO] MostRecentlyActiveProfile: name=Profile 1 path=D:\Autonomous Software Testing Agent\.metadata\.plugins\org.eclipse.swt\EBWebView\Default lastActive=2026-09-10T06:14:50.524Z
2026-09-13 15:52:05.545: [INFO] OnDoneLoading sync enabled: 0
2026-09-13 15:52:05.545: [INFO] BookmarkModelLoaded, ids_reassigned: 0
2026-09-13 15:52:05.545: [INFO] BookmarksLoadDropped droppedNodes=0
2026-09-13 15:52:05.545: [INFO] BookmarksSnapshot Startup total=0 bar=0 other=0 mobile=0 showBar=0 showBarNTP=1
2026-09-13 16:28:44.256: [INFO] BookmarksSnapshot Shutdown total=0 bar=0 other=0 mobile=0 showBar=0 showBarNTP=1
2026-09-20 12:58:57.803: [INFO] CurrentProfilePath: D:\Autonomous Software Testing Agent\.metadata\.plugins\org.eclipse.swt\EBWebView\Default
2026-09-20 12:58:57.803: [INFO] Profiles total count: 1
2026-09-20 12:58:57.803: [INFO] Profile: name=Profile 1 path=D:\Autonomous Software Testing Agent\.metadata\.plugins\org.eclipse.swt\EBWebView\Default lastActive=2026-09-10T06:14:50.524Z
2026-09-20 12:58:57.803: [INFO] LastUsedProfileDir: D:\Autonomous Software Testing Agent\.metadata\.plugins\org.eclipse.swt\EBWebView\Default
2026-09-20 12:58:57.804: [INFO] MostRecentlyActiveProfile: name=Profile 1 path=D:\Autonomous Software Testing Agent\.metadata\.plugins\org.eclipse.swt\EBWebView\Default lastActive=2026-09-10T06:14:50.524Z
2026-09-20 12:58:57.804: [INFO] OnDoneLoading sync enabled: 0
2026-09-20 12:58:57.804: [INFO] BookmarkModelLoaded, ids_reassigned: 0
2026-09-20 12:58:57.804: [INFO] BookmarksLoadDropped droppedNodes=0
2026-09-20 12:58:57.804: [INFO] BookmarksSnapshot Startup total=0 bar=0 other=0 mobile=0 showBar=0 showBarNTP=1
2026-09-20 15:18:31.494: [INFO] BookmarksSnapshot Shutdown total=0 bar=0 other=0 mobile=0 showBar=0 showBarNTP=1
